com/nageoffer/shortlink/admin/remote/dto/resp/ShortLinkStatsDeviceRespDTO.class
com/nageoffer/shortlink/admin/common/convention/exception/AbstractException.class
com/nageoffer/shortlink/admin/remote/dto/resp/ShortLinkGroupCountQueryRespDTO.class
com/nageoffer/shortlink/admin/ShortLinkAdminApplication.class
com/nageoffer/shortlink/admin/toolkit/EasyExcelWebUtil.class
com/nageoffer/shortlink/admin/remote/dto/req/ShortLinkUpdateReqDTO.class
com/nageoffer/shortlink/admin/dto/req/ShortLinkGroupSaveReqDTO.class
com/nageoffer/shortlink/admin/toolkit/RandomGenerator.class
com/nageoffer/shortlink/admin/remote/dto/req/ShortLinkCreateReqDTO.class
com/nageoffer/shortlink/admin/remote/dto/resp/ShortLinkStatsAccessRecordRespDTO$ShortLinkStatsAccessRecordRespDTOBuilder.class
com/nageoffer/shortlink/admin/common/enums/UserErrorCodeEnum.class
com/nageoffer/shortlink/admin/remote/dto/resp/ShortLinkStatsTopIpRespDTO$ShortLinkStatsTopIpRespDTOBuilder.class
com/nageoffer/shortlink/admin/remote/dto/resp/ShortLinkStatsDeviceRespDTO$ShortLinkStatsDeviceRespDTOBuilder.class
com/nageoffer/shortlink/admin/config/OpenFeignConfiguration.class
com/nageoffer/shortlink/admin/service/RecycleBinService.class
com/nageoffer/shortlink/admin/remote/dto/resp/ShortLinkStatsLocaleCNRespDTO$ShortLinkStatsLocaleCNRespDTOBuilder.class
com/nageoffer/shortlink/admin/remote/dto/resp/ShortLinkBatchCreateRespDTO.class
com/nageoffer/shortlink/admin/config/MyMetaObjectHandler.class
com/nageoffer/shortlink/admin/common/convention/result/Result.class
com/nageoffer/shortlink/admin/service/impl/GroupServiceImpl.class
com/nageoffer/shortlink/admin/dto/resp/UserRespDTO.class
com/nageoffer/shortlink/admin/controller/RecycleBinController.class
com/nageoffer/shortlink/admin/dao/mapper/GroupUniqueMapper.class
com/nageoffer/shortlink/admin/remote/dto/resp/ShortLinkBatchCreateRespDTO$ShortLinkBatchCreateRespDTOBuilder.class
com/nageoffer/shortlink/admin/config/UserFlowRiskControlConfiguration.class
com/nageoffer/shortlink/admin/remote/dto/resp/ShortLinkStatsUvRespDTO$ShortLinkStatsUvRespDTOBuilder.class
com/nageoffer/shortlink/admin/remote/dto/resp/ShortLinkCreateRespDTO.class
com/nageoffer/shortlink/admin/dto/req/RecycleBinRecoverReqDTO.class
com/nageoffer/shortlink/admin/dao/entity/GroupDO.class
com/nageoffer/shortlink/admin/remote/dto/resp/ShortLinkBaseInfoRespDTO.class
com/nageoffer/shortlink/admin/service/UserService.class
com/nageoffer/shortlink/admin/common/biz/user/UserContext.class
com/nageoffer/shortlink/admin/common/convention/exception/RemoteException.class
com/nageoffer/shortlink/admin/remote/dto/resp/ShortLinkStatsAccessRecordRespDTO.class
com/nageoffer/shortlink/admin/dto/req/UserLoginReqDTO.class
com/nageoffer/shortlink/admin/remote/dto/req/ShortLinkRecycleBinPageReqDTO.class
com/nageoffer/shortlink/admin/remote/dto/req/ShortLinkStatsAccessRecordReqDTO.class
com/nageoffer/shortlink/admin/remote/dto/resp/ShortLinkStatsAccessDailyRespDTO.class
com/nageoffer/shortlink/admin/dto/resp/UserLoginRespDTO.class
com/nageoffer/shortlink/admin/dto/req/RecycleBinSaveReqDTO.class
com/nageoffer/shortlink/admin/dto/resp/ShortLinkGroupRespDTO.class
com/nageoffer/shortlink/admin/dao/entity/GroupDO$GroupDOBuilder.class
com/nageoffer/shortlink/admin/common/convention/result/Results.class
com/nageoffer/shortlink/admin/service/impl/UserServiceImpl.class
com/nageoffer/shortlink/admin/remote/dto/resp/ShortLinkStatsOsRespDTO$ShortLinkStatsOsRespDTOBuilder.class
com/nageoffer/shortlink/admin/remote/dto/resp/ShortLinkStatsLocaleCNRespDTO.class
com/nageoffer/shortlink/admin/common/constant/RedisCacheConstant.class
com/nageoffer/shortlink/admin/remote/dto/resp/ShortLinkStatsUvRespDTO.class
com/nageoffer/shortlink/admin/remote/dto/resp/ShortLinkCreateRespDTO$ShortLinkCreateRespDTOBuilder.class
com/nageoffer/shortlink/admin/remote/dto/resp/ShortLinkStatsNetworkRespDTO.class
com/nageoffer/shortlink/admin/common/convention/errorcode/IErrorCode.class
com/nageoffer/shortlink/admin/common/convention/errorcode/BaseErrorCode.class
com/nageoffer/shortlink/admin/common/convention/exception/ServiceException.class
com/nageoffer/shortlink/admin/remote/dto/req/ShortLinkPageReqDTO.class
com/nageoffer/shortlink/admin/dao/entity/GroupUniqueDO$GroupUniqueDOBuilder.class
com/nageoffer/shortlink/admin/common/biz/user/UserFlowRiskControlFilter.class
com/nageoffer/shortlink/admin/controller/ShortLinkStatsController.class
com/nageoffer/shortlink/admin/dto/req/UserUpdateReqDTO.class
com/nageoffer/shortlink/admin/common/convention/exception/ClientException.class
com/nageoffer/shortlink/admin/dao/entity/GroupUniqueDO.class
com/nageoffer/shortlink/admin/remote/dto/req/ShortLinkGroupStatsReqDTO.class
com/nageoffer/shortlink/admin/remote/dto/resp/ShortLinkStatsOsRespDTO.class
com/nageoffer/shortlink/admin/remote/dto/req/ShortLinkGroupStatsAccessRecordReqDTO.class
com/nageoffer/shortlink/admin/dto/resp/UserActualRespDTO.class
com/nageoffer/shortlink/admin/remote/dto/resp/ShortLinkBaseInfoRespDTO$ShortLinkBaseInfoRespDTOBuilder.class
com/nageoffer/shortlink/admin/dao/mapper/UserMapper.class
com/nageoffer/shortlink/admin/remote/dto/resp/ShortLinkStatsBrowserRespDTO$ShortLinkStatsBrowserRespDTOBuilder.class
com/nageoffer/shortlink/admin/dto/req/UserRegisterReqDTO.class
com/nageoffer/shortlink/admin/common/biz/user/UserInfoDTO.class
com/nageoffer/shortlink/admin/remote/dto/resp/ShortLinkStatsRespDTO$ShortLinkStatsRespDTOBuilder.class
com/nageoffer/shortlink/admin/remote/dto/resp/ShortLinkStatsRespDTO.class
com/nageoffer/shortlink/admin/service/impl/RecycleBinServiceImpl.class
com/nageoffer/shortlink/admin/dao/mapper/GroupMapper.class
com/nageoffer/shortlink/admin/dto/req/ShortLinkGroupSortReqDTO.class
com/nageoffer/shortlink/admin/dto/req/ShortLinkGroupUpdateReqDTO.class
com/nageoffer/shortlink/admin/controller/UrlTitleController.class
com/nageoffer/shortlink/admin/remote/dto/resp/ShortLinkStatsTopIpRespDTO.class
com/nageoffer/shortlink/admin/dto/req/RecycleBinRemoveReqDTO.class
com/nageoffer/shortlink/admin/common/biz/user/UserTransmitFilter.class
com/nageoffer/shortlink/admin/remote/dto/req/ShortLinkBatchCreateReqDTO.class
com/nageoffer/shortlink/admin/remote/ShortLinkActualRemoteService.class
com/nageoffer/shortlink/admin/controller/GroupController.class
com/nageoffer/shortlink/admin/controller/ShortLinkController.class
com/nageoffer/shortlink/admin/common/serialize/PhoneDesensitizationSerializer.class
com/nageoffer/shortlink/admin/common/web/GlobalExceptionHandler.class
com/nageoffer/shortlink/admin/config/DataBaseConfiguration.class
com/nageoffer/shortlink/admin/remote/dto/resp/ShortLinkStatsBrowserRespDTO.class
com/nageoffer/shortlink/admin/remote/dto/resp/ShortLinkPageRespDTO.class
com/nageoffer/shortlink/admin/service/GroupService.class
com/nageoffer/shortlink/admin/dao/entity/UserDO.class
com/nageoffer/shortlink/admin/common/database/BaseDO.class
com/nageoffer/shortlink/admin/remote/dto/resp/ShortLinkStatsNetworkRespDTO$ShortLinkStatsNetworkRespDTOBuilder.class
com/nageoffer/shortlink/admin/config/RBloomFilterConfiguration.class
com/nageoffer/shortlink/admin/config/UserConfiguration.class
com/nageoffer/shortlink/admin/common/biz/user/UserInfoDTO$UserInfoDTOBuilder.class
com/nageoffer/shortlink/admin/remote/dto/req/ShortLinkStatsReqDTO.class
com/nageoffer/shortlink/admin/controller/UserController.class
