/Users/thangmai/Desktop/telco/shortlink-main/admin/src/main/java/com/nageoffer/shortlink/admin/common/database/BaseDO.java
/Users/thangmai/Desktop/telco/shortlink-main/admin/src/main/java/com/nageoffer/shortlink/admin/common/serialize/PhoneDesensitizationSerializer.java
/Users/thangmai/Desktop/telco/shortlink-main/admin/src/main/java/com/nageoffer/shortlink/admin/config/DataBaseConfiguration.java
/Users/thangmai/Desktop/telco/shortlink-main/admin/src/main/java/com/nageoffer/shortlink/admin/service/RecycleBinService.java
/Users/thangmai/Desktop/telco/shortlink-main/admin/src/main/java/com/nageoffer/shortlink/admin/common/web/GlobalExceptionHandler.java
/Users/thangmai/Desktop/telco/shortlink-main/admin/src/main/java/com/nageoffer/shortlink/admin/common/biz/user/UserFlowRiskControlFilter.java
/Users/thangmai/Desktop/telco/shortlink-main/admin/src/main/java/com/nageoffer/shortlink/admin/remote/dto/resp/ShortLinkGroupCountQueryRespDTO.java
/Users/thangmai/Desktop/telco/shortlink-main/admin/src/main/java/com/nageoffer/shortlink/admin/dao/entity/GroupDO.java
/Users/thangmai/Desktop/telco/shortlink-main/admin/src/main/java/com/nageoffer/shortlink/admin/remote/dto/req/ShortLinkUpdateReqDTO.java
/Users/thangmai/Desktop/telco/shortlink-main/admin/src/main/java/com/nageoffer/shortlink/admin/controller/ShortLinkController.java
/Users/thangmai/Desktop/telco/shortlink-main/admin/src/main/java/com/nageoffer/shortlink/admin/config/UserFlowRiskControlConfiguration.java
/Users/thangmai/Desktop/telco/shortlink-main/admin/src/main/java/com/nageoffer/shortlink/admin/config/MyMetaObjectHandler.java
/Users/thangmai/Desktop/telco/shortlink-main/admin/src/main/java/com/nageoffer/shortlink/admin/dao/entity/UserDO.java
/Users/thangmai/Desktop/telco/shortlink-main/admin/src/main/java/com/nageoffer/shortlink/admin/remote/dto/req/ShortLinkGroupStatsReqDTO.java
/Users/thangmai/Desktop/telco/shortlink-main/admin/src/main/java/com/nageoffer/shortlink/admin/controller/UrlTitleController.java
/Users/thangmai/Desktop/telco/shortlink-main/admin/src/main/java/com/nageoffer/shortlink/admin/service/UserService.java
/Users/thangmai/Desktop/telco/shortlink-main/admin/src/main/java/com/nageoffer/shortlink/admin/remote/dto/resp/ShortLinkCreateRespDTO.java
/Users/thangmai/Desktop/telco/shortlink-main/admin/src/main/java/com/nageoffer/shortlink/admin/remote/dto/resp/ShortLinkBaseInfoRespDTO.java
/Users/thangmai/Desktop/telco/shortlink-main/admin/src/main/java/com/nageoffer/shortlink/admin/remote/dto/resp/ShortLinkStatsUvRespDTO.java
/Users/thangmai/Desktop/telco/shortlink-main/admin/src/main/java/com/nageoffer/shortlink/admin/dto/resp/UserActualRespDTO.java
/Users/thangmai/Desktop/telco/shortlink-main/admin/src/main/java/com/nageoffer/shortlink/admin/remote/dto/req/ShortLinkStatsReqDTO.java
/Users/thangmai/Desktop/telco/shortlink-main/admin/src/main/java/com/nageoffer/shortlink/admin/common/biz/user/UserInfoDTO.java
/Users/thangmai/Desktop/telco/shortlink-main/admin/src/main/java/com/nageoffer/shortlink/admin/remote/dto/resp/ShortLinkStatsOsRespDTO.java
/Users/thangmai/Desktop/telco/shortlink-main/admin/src/main/java/com/nageoffer/shortlink/admin/controller/GroupController.java
/Users/thangmai/Desktop/telco/shortlink-main/admin/src/main/java/com/nageoffer/shortlink/admin/dao/mapper/GroupMapper.java
/Users/thangmai/Desktop/telco/shortlink-main/admin/src/main/java/com/nageoffer/shortlink/admin/config/OpenFeignConfiguration.java
/Users/thangmai/Desktop/telco/shortlink-main/admin/src/main/java/com/nageoffer/shortlink/admin/common/biz/user/UserContext.java
/Users/thangmai/Desktop/telco/shortlink-main/admin/src/main/java/com/nageoffer/shortlink/admin/dto/resp/ShortLinkGroupRespDTO.java
/Users/thangmai/Desktop/telco/shortlink-main/admin/src/main/java/com/nageoffer/shortlink/admin/remote/dto/req/ShortLinkCreateReqDTO.java
/Users/thangmai/Desktop/telco/shortlink-main/admin/src/main/java/com/nageoffer/shortlink/admin/dao/entity/GroupUniqueDO.java
/Users/thangmai/Desktop/telco/shortlink-main/admin/src/main/java/com/nageoffer/shortlink/admin/common/convention/exception/ServiceException.java
/Users/thangmai/Desktop/telco/shortlink-main/admin/src/main/java/com/nageoffer/shortlink/admin/toolkit/EasyExcelWebUtil.java
/Users/thangmai/Desktop/telco/shortlink-main/admin/src/main/java/com/nageoffer/shortlink/admin/common/convention/exception/ClientException.java
/Users/thangmai/Desktop/telco/shortlink-main/admin/src/main/java/com/nageoffer/shortlink/admin/common/convention/result/Results.java
/Users/thangmai/Desktop/telco/shortlink-main/admin/src/main/java/com/nageoffer/shortlink/admin/common/enums/UserErrorCodeEnum.java
/Users/thangmai/Desktop/telco/shortlink-main/admin/src/main/java/com/nageoffer/shortlink/admin/remote/dto/resp/ShortLinkPageRespDTO.java
/Users/thangmai/Desktop/telco/shortlink-main/admin/src/main/java/com/nageoffer/shortlink/admin/dto/req/ShortLinkGroupUpdateReqDTO.java
/Users/thangmai/Desktop/telco/shortlink-main/admin/src/main/java/com/nageoffer/shortlink/admin/remote/dto/resp/ShortLinkStatsAccessDailyRespDTO.java
/Users/thangmai/Desktop/telco/shortlink-main/admin/src/main/java/com/nageoffer/shortlink/admin/service/GroupService.java
/Users/thangmai/Desktop/telco/shortlink-main/admin/src/main/java/com/nageoffer/shortlink/admin/dto/req/ShortLinkGroupSaveReqDTO.java
/Users/thangmai/Desktop/telco/shortlink-main/admin/src/main/java/com/nageoffer/shortlink/admin/controller/UserController.java
/Users/thangmai/Desktop/telco/shortlink-main/admin/src/main/java/com/nageoffer/shortlink/admin/service/impl/RecycleBinServiceImpl.java
/Users/thangmai/Desktop/telco/shortlink-main/admin/src/main/java/com/nageoffer/shortlink/admin/common/convention/exception/RemoteException.java
/Users/thangmai/Desktop/telco/shortlink-main/admin/src/main/java/com/nageoffer/shortlink/admin/remote/dto/resp/ShortLinkStatsTopIpRespDTO.java
/Users/thangmai/Desktop/telco/shortlink-main/admin/src/main/java/com/nageoffer/shortlink/admin/dto/req/UserLoginReqDTO.java
/Users/thangmai/Desktop/telco/shortlink-main/admin/src/main/java/com/nageoffer/shortlink/admin/remote/dto/resp/ShortLinkStatsDeviceRespDTO.java
/Users/thangmai/Desktop/telco/shortlink-main/admin/src/main/java/com/nageoffer/shortlink/admin/dto/req/RecycleBinRemoveReqDTO.java
/Users/thangmai/Desktop/telco/shortlink-main/admin/src/main/java/com/nageoffer/shortlink/admin/remote/ShortLinkActualRemoteService.java
/Users/thangmai/Desktop/telco/shortlink-main/admin/src/main/java/com/nageoffer/shortlink/admin/service/impl/UserServiceImpl.java
/Users/thangmai/Desktop/telco/shortlink-main/admin/src/main/java/com/nageoffer/shortlink/admin/common/convention/errorcode/IErrorCode.java
/Users/thangmai/Desktop/telco/shortlink-main/admin/src/main/java/com/nageoffer/shortlink/admin/remote/dto/resp/ShortLinkStatsRespDTO.java
/Users/thangmai/Desktop/telco/shortlink-main/admin/src/main/java/com/nageoffer/shortlink/admin/common/constant/RedisCacheConstant.java
/Users/thangmai/Desktop/telco/shortlink-main/admin/src/main/java/com/nageoffer/shortlink/admin/remote/dto/req/ShortLinkStatsAccessRecordReqDTO.java
/Users/thangmai/Desktop/telco/shortlink-main/admin/src/main/java/com/nageoffer/shortlink/admin/dto/req/UserRegisterReqDTO.java
/Users/thangmai/Desktop/telco/shortlink-main/admin/src/main/java/com/nageoffer/shortlink/admin/remote/dto/resp/ShortLinkBatchCreateRespDTO.java
/Users/thangmai/Desktop/telco/shortlink-main/admin/src/main/java/com/nageoffer/shortlink/admin/controller/RecycleBinController.java
/Users/thangmai/Desktop/telco/shortlink-main/admin/src/main/java/com/nageoffer/shortlink/admin/common/convention/result/Result.java
/Users/thangmai/Desktop/telco/shortlink-main/admin/src/main/java/com/nageoffer/shortlink/admin/remote/dto/resp/ShortLinkStatsBrowserRespDTO.java
/Users/thangmai/Desktop/telco/shortlink-main/admin/src/main/java/com/nageoffer/shortlink/admin/service/impl/GroupServiceImpl.java
/Users/thangmai/Desktop/telco/shortlink-main/admin/src/main/java/com/nageoffer/shortlink/admin/dto/req/UserUpdateReqDTO.java
/Users/thangmai/Desktop/telco/shortlink-main/admin/src/main/java/com/nageoffer/shortlink/admin/config/UserConfiguration.java
/Users/thangmai/Desktop/telco/shortlink-main/admin/src/main/java/com/nageoffer/shortlink/admin/dao/mapper/GroupUniqueMapper.java
/Users/thangmai/Desktop/telco/shortlink-main/admin/src/main/java/com/nageoffer/shortlink/admin/remote/dto/req/ShortLinkBatchCreateReqDTO.java
/Users/thangmai/Desktop/telco/shortlink-main/admin/src/main/java/com/nageoffer/shortlink/admin/remote/dto/resp/ShortLinkStatsLocaleCNRespDTO.java
/Users/thangmai/Desktop/telco/shortlink-main/admin/src/main/java/com/nageoffer/shortlink/admin/ShortLinkAdminApplication.java
/Users/thangmai/Desktop/telco/shortlink-main/admin/src/main/java/com/nageoffer/shortlink/admin/remote/dto/resp/ShortLinkStatsNetworkRespDTO.java
/Users/thangmai/Desktop/telco/shortlink-main/admin/src/main/java/com/nageoffer/shortlink/admin/dto/resp/UserLoginRespDTO.java
/Users/thangmai/Desktop/telco/shortlink-main/admin/src/main/java/com/nageoffer/shortlink/admin/controller/ShortLinkStatsController.java
/Users/thangmai/Desktop/telco/shortlink-main/admin/src/main/java/com/nageoffer/shortlink/admin/remote/dto/req/ShortLinkRecycleBinPageReqDTO.java
/Users/thangmai/Desktop/telco/shortlink-main/admin/src/main/java/com/nageoffer/shortlink/admin/remote/dto/req/ShortLinkGroupStatsAccessRecordReqDTO.java
/Users/thangmai/Desktop/telco/shortlink-main/admin/src/main/java/com/nageoffer/shortlink/admin/dto/req/RecycleBinRecoverReqDTO.java
/Users/thangmai/Desktop/telco/shortlink-main/admin/src/main/java/com/nageoffer/shortlink/admin/dto/resp/UserRespDTO.java
/Users/thangmai/Desktop/telco/shortlink-main/admin/src/main/java/com/nageoffer/shortlink/admin/dao/mapper/UserMapper.java
/Users/thangmai/Desktop/telco/shortlink-main/admin/src/main/java/com/nageoffer/shortlink/admin/config/RBloomFilterConfiguration.java
/Users/thangmai/Desktop/telco/shortlink-main/admin/src/main/java/com/nageoffer/shortlink/admin/remote/dto/req/ShortLinkPageReqDTO.java
/Users/thangmai/Desktop/telco/shortlink-main/admin/src/main/java/com/nageoffer/shortlink/admin/dto/req/RecycleBinSaveReqDTO.java
/Users/thangmai/Desktop/telco/shortlink-main/admin/src/main/java/com/nageoffer/shortlink/admin/common/biz/user/UserTransmitFilter.java
/Users/thangmai/Desktop/telco/shortlink-main/admin/src/main/java/com/nageoffer/shortlink/admin/common/convention/errorcode/BaseErrorCode.java
/Users/thangmai/Desktop/telco/shortlink-main/admin/src/main/java/com/nageoffer/shortlink/admin/common/convention/exception/AbstractException.java
/Users/thangmai/Desktop/telco/shortlink-main/admin/src/main/java/com/nageoffer/shortlink/admin/toolkit/RandomGenerator.java
/Users/thangmai/Desktop/telco/shortlink-main/admin/src/main/java/com/nageoffer/shortlink/admin/dto/req/ShortLinkGroupSortReqDTO.java
/Users/thangmai/Desktop/telco/shortlink-main/admin/src/main/java/com/nageoffer/shortlink/admin/remote/dto/resp/ShortLinkStatsAccessRecordRespDTO.java
